../Core/Src/main.c:103:6:UART_Print	16	static
../Core/Src/main.c:113:5:main	8	static
../Core/Src/main.c:210:6:SystemClock_Config	88	static
../Core/Src/main.c:265:13:MX_USART2_UART_Init	8	static
../Core/Src/main.c:298:13:MX_GPIO_Init	48	static
../Core/Src/main.c:341:6:StartDefaultTask	16	static
../Core/Src/main.c:359:6:LedBlinkTask1	16	static
../Core/Src/main.c:383:6:ButtonTask2	24	static
../Core/Src/main.c:418:6:ConsumerTask3	24	static
../Core/Src/main.c:443:6:HAL_TIM_PeriodElapsedCallback	16	static
../Core/Src/main.c:460:6:Error_Handler	4	static,ignoring_inline_asm
